============================= test session starts =============================
platform win32 -- Python 3.12.0, pytest-8.3.4, pluggy-1.6.0
rootdir: C:\Users\arish\Documents\Github\Programming-Challenges-5
configfile: pyproject.toml
plugins: anyio-4.11.0, base-url-2.1.0, cov-6.0.0, django-4.9.0, playwright-0.4.4, xdist-3.5.0
collected 29 items / 21 errors

<Dir Programming-Challenges-5>
  <Dir tests>
    <Package EmulationModeling>
      <Module test_40_logistics.py>
        <UnitTestCase TestLogistics>
          <TestCaseFunction test_simulation_runs>
      <Module test_41_42.py>
        <UnitTestCase TestEconomy>
          <TestCaseFunction test_economy_runs>
        <UnitTestCase TestMicroservices>
          <TestCaseFunction test_microservices_run>
      <Module test_43_45.py>
        <UnitTestCase TestChallenges43_45>
          <TestCaseFunction test_boot>
          <TestCaseFunction test_pipes>
          <TestCaseFunction test_railway>
      <Module test_46_47.py>
        <UnitTestCase TestChallenges46_47>
          <TestCaseFunction test_drones>
          <TestCaseFunction test_robot_swarm>
      <Module test_48_50.py>
        <UnitTestCase TestChallenges48_50>
          <TestCaseFunction test_fluid>
          <TestCaseFunction test_nca>
          <TestCaseFunction test_physics>
    <Module test_document_cleaner.py>
      <Function test_email_and_url_removal>
      <Function test_fix_ocr_errors>
      <Function test_strip_repeated_headers_and_footers>
      <Function test_classifier_removes_singleton_header>
    <Module test_document_embedding_search.py>
      <Function test_results_are_ordered_by_cosine_similarity>
      <Function test_top_k_is_capped_by_corpus_size>
    <Module test_gridworld_hazard_rl.py>
      <Function test_q_update_matches_expected_formula>
      <Function test_agent_learns_to_avoid_hazardous_cell>
    <Module test_market_basket_analysis.py>
      <Function test_apriori_generates_expected_frequent_itemsets>
      <Function test_association_rules_compute_confidence_and_lift>
    <Module test_simple_blockchain.py>
      <Function test_chain_stays_valid_when_mined_blocks_added>
      <Function test_chain_detects_tampering>
      <Function test_invalid_difficulty_raises_value_error>
    <Module test_study_planner_ml.py>
      <Function test_feature_matrix_shapes>
      <Function test_prediction_shape_and_clip>
      <Function test_schedule_generation_matches_sample_size>
    <Module test_toy_nmt_seq2seq.py>
      <Function test_forward_shapes>
      <Function test_overfits_tiny_dataset>

=================================== ERRORS ====================================
_________ ERROR collecting tests/test_advanced_interval_scheduler.py __________
ImportError while importing test module 'C:\Users\arish\Documents\Github\Programming-Challenges-5\tests\test_advanced_interval_scheduler.py'.
Hint: make sure your test modules/packages have valid Python names.
Traceback:
C:\Program Files\Python312\Lib\importlib\__init__.py:90: in import_module
    return _bootstrap._gcd_import(name[level:], package, level)
tests\test_advanced_interval_scheduler.py:9: in <module>
    from main import AdvancedIntervalScheduler, Interval  # noqa: E402
E   ImportError: cannot import name 'AdvancedIntervalScheduler' from 'main' (C:\Users\arish\Documents\Github\Programming-Challenges-5\EmulationModeling\14_simple_blockchain\main.py)
_________ ERROR collecting tests/test_approximate_string_matching.py __________
ImportError while importing test module 'C:\Users\arish\Documents\Github\Programming-Challenges-5\tests\test_approximate_string_matching.py'.
Hint: make sure your test modules/packages have valid Python names.
Traceback:
C:\Program Files\Python312\Lib\importlib\__init__.py:90: in import_module
    return _bootstrap._gcd_import(name[level:], package, level)
tests\test_approximate_string_matching.py:12: in <module>
    from Algorithmic.ApproximateStringMatching.approximate_string_matching import (  # noqa: E402
E   ModuleNotFoundError: No module named 'Algorithmic.ApproximateStringMatching'
______________ ERROR collecting tests/test_auto_image_tagger.py _______________
ImportError while importing test module 'C:\Users\arish\Documents\Github\Programming-Challenges-5\tests\test_auto_image_tagger.py'.
Hint: make sure your test modules/packages have valid Python names.
Traceback:
C:\Program Files\Python312\Lib\importlib\__init__.py:90: in import_module
    return _bootstrap._gcd_import(name[level:], package, level)
tests\test_auto_image_tagger.py:8: in <module>
    from ArtificialIntelligence.auto_image_tagger import AutoImageTagger, LabelPrediction
ArtificialIntelligence\auto_image_tagger.py:13: in <module>
    from torchvision import models
E   ModuleNotFoundError: No module named 'torchvision'
_____________ ERROR collecting tests/test_autocomplete_engine.py ______________
ImportError while importing test module 'C:\Users\arish\Documents\Github\Programming-Challenges-5\tests\test_autocomplete_engine.py'.
Hint: make sure your test modules/packages have valid Python names.
Traceback:
C:\Program Files\Python312\Lib\importlib\__init__.py:90: in import_module
    return _bootstrap._gcd_import(name[level:], package, level)
tests\test_autocomplete_engine.py:9: in <module>
    from Algorithmic.AutocompleteEngine.trie import AutocompleteEngine
E   ModuleNotFoundError: No module named 'Algorithmic.AutocompleteEngine'
_________________ ERROR collecting tests/test_bloom_filter.py _________________
ImportError while importing test module 'C:\Users\arish\Documents\Github\Programming-Challenges-5\tests\test_bloom_filter.py'.
Hint: make sure your test modules/packages have valid Python names.
Traceback:
C:\Program Files\Python312\Lib\importlib\__init__.py:90: in import_module
    return _bootstrap._gcd_import(name[level:], package, level)
tests\test_bloom_filter.py:9: in <module>
    from approximate_set_membership.bloom import BloomFilter, BloomFilterAnalyzer
E   ModuleNotFoundError: No module named 'approximate_set_membership'
______________ ERROR collecting tests/test_consistent_hashing.py ______________
ImportError while importing test module 'C:\Users\arish\Documents\Github\Programming-Challenges-5\tests\test_consistent_hashing.py'.
Hint: make sure your test modules/packages have valid Python names.
Traceback:
C:\Program Files\Python312\Lib\importlib\__init__.py:90: in import_module
    return _bootstrap._gcd_import(name[level:], package, level)
tests\test_consistent_hashing.py:10: in <module>
    from consistent_hashing.hash_ring import HashRing, Sha256Hash
E   ModuleNotFoundError: No module named 'consistent_hashing.hash_ring'
_______________ ERROR collecting tests/test_dotfiles_manager.py _______________
ImportError while importing test module 'C:\Users\arish\Documents\Github\Programming-Challenges-5\tests\test_dotfiles_manager.py'.
Hint: make sure your test modules/packages have valid Python names.
Traceback:
C:\Program Files\Python312\Lib\importlib\__init__.py:90: in import_module
    return _bootstrap._gcd_import(name[level:], package, level)
tests\test_dotfiles_manager.py:6: in <module>
    from Practical.DotfilesManager.__main__ import install_dotfiles
E   ModuleNotFoundError: No module named 'Practical.DotfilesManager'
_______________ ERROR collecting tests/test_face_attendance.py ________________
ImportError while importing test module 'C:\Users\arish\Documents\Github\Programming-Challenges-5\tests\test_face_attendance.py'.
Hint: make sure your test modules/packages have valid Python names.
Traceback:
C:\Program Files\Python312\Lib\importlib\__init__.py:90: in import_module
    return _bootstrap._gcd_import(name[level:], package, level)
tests\test_face_attendance.py:7: in <module>
    from ArtificialIntelligence.face_attendance import FaceAttendanceSystem
ArtificialIntelligence\face_attendance.py:19: in <module>
    import cv2
..\..\..\AppData\Roaming\Python\Python312\site-packages\cv2\__init__.py:181: in <module>
    bootstrap()
..\..\..\AppData\Roaming\Python\Python312\site-packages\cv2\__init__.py:153: in bootstrap
    native_module = importlib.import_module("cv2")
C:\Program Files\Python312\Lib\importlib\__init__.py:90: in import_module
    return _bootstrap._gcd_import(name[level:], package, level)
E   ImportError: numpy.core.multiarray failed to import
------------------------------- Captured stderr -------------------------------

A module that was compiled using NumPy 1.x cannot be run in
NumPy 2.2.6 as it may crash. To support both 1.x and 2.x
versions of NumPy, modules must be compiled with NumPy 2.0.
Some module may need to rebuild instead e.g. with 'pybind11>=2.12'.

If you are a user of the module, the easiest solution will be to
downgrade to 'numpy<2' or try to upgrade the affected module.
We expect that some modules will need time to support NumPy 2.

Traceback (most recent call last):  File "<frozen runpy>", line 198, in _run_module_as_main
  File "<frozen runpy>", line 88, in _run_code
  File "C:\Users\arish\AppData\Roaming\Python\Python312\site-packages\pytest\__main__.py", line 9, in <module>
    raise SystemExit(pytest.console_main())
  File "C:\Users\arish\AppData\Roaming\Python\Python312\site-packages\_pytest\config\__init__.py", line 201, in console_main
    code = main()
  File "C:\Users\arish\AppData\Roaming\Python\Python312\site-packages\_pytest\config\__init__.py", line 175, in main
    ret: ExitCode | int = config.hook.pytest_cmdline_main(config=config)
  File "C:\Users\arish\AppData\Roaming\Python\Python312\site-packages\pluggy\_hooks.py", line 512, in __call__
    return self._hookexec(self.name, self._hookimpls.copy(), kwargs, firstresult)
  File "C:\Users\arish\AppData\Roaming\Python\Python312\site-packages\pluggy\_manager.py", line 120, in _hookexec
    return self._inner_hookexec(hook_name, methods, kwargs, firstresult)
  File "C:\Users\arish\AppData\Roaming\Python\Python312\site-packages\pluggy\_callers.py", line 121, in _multicall
    res = hook_impl.function(*args)
  File "C:\Users\arish\AppData\Roaming\Python\Python312\site-packages\_pytest\main.py", line 330, in pytest_cmdline_main
    return wrap_session(config, _main)
  File "C:\Users\arish\AppData\Roaming\Python\Python312\site-packages\_pytest\main.py", line 283, in wrap_session
    session.exitstatus = doit(config, session) or 0
  File "C:\Users\arish\AppData\Roaming\Python\Python312\site-packages\_pytest\main.py", line 336, in _main
    config.hook.pytest_collection(session=session)
  File "C:\Users\arish\AppData\Roaming\Python\Python312\site-packages\pluggy\_hooks.py", line 512, in __call__
    return self._hookexec(self.name, self._hookimpls.copy(), kwargs, firstresult)
  File "C:\Users\arish\AppData\Roaming\Python\Python312\site-packages\pluggy\_manager.py", line 120, in _hookexec
    return self._inner_hookexec(hook_name, methods, kwargs, firstresult)
  File "C:\Users\arish\AppData\Roaming\Python\Python312\site-packages\pluggy\_callers.py", line 121, in _multicall
    res = hook_impl.function(*args)
  File "C:\Users\arish\AppData\Roaming\Python\Python312\site-packages\_pytest\main.py", line 347, in pytest_collection
    session.perform_collect()
  File "C:\Users\arish\AppData\Roaming\Python\Python312\site-packages\_pytest\main.py", line 809, in perform_collect
    self.items.extend(self.genitems(node))
  File "C:\Users\arish\AppData\Roaming\Python\Python312\site-packages\_pytest\main.py", line 975, in genitems
    yield from self.genitems(subnode)
  File "C:\Users\arish\AppData\Roaming\Python\Python312\site-packages\_pytest\main.py", line 970, in genitems
    rep, duplicate = self._collect_one_node(node, handle_dupes)
  File "C:\Users\arish\AppData\Roaming\Python\Python312\site-packages\_pytest\main.py", line 835, in _collect_one_node
    rep = collect_one_node(node)
  File "C:\Users\arish\AppData\Roaming\Python\Python312\site-packages\_pytest\runner.py", line 567, in collect_one_node
    rep: CollectReport = ihook.pytest_make_collect_report(collector=collector)
  File "C:\Users\arish\AppData\Roaming\Python\Python312\site-packages\pluggy\_hooks.py", line 512, in __call__
    return self._hookexec(self.name, self._hookimpls.copy(), kwargs, firstresult)
  File "C:\Users\arish\AppData\Roaming\Python\Python312\site-packages\pluggy\_manager.py", line 120, in _hookexec
    return self._inner_hookexec(hook_name, methods, kwargs, firstresult)
  File "C:\Users\arish\AppData\Roaming\Python\Python312\site-packages\pluggy\_callers.py", line 121, in _multicall
    res = hook_impl.function(*args)
  File "C:\Users\arish\AppData\Roaming\Python\Python312\site-packages\_pytest\runner.py", line 391, in pytest_make_collect_report
    call = CallInfo.from_call(
  File "C:\Users\arish\AppData\Roaming\Python\Python312\site-packages\_pytest\runner.py", line 341, in from_call
    result: TResult | None = func()
  File "C:\Users\arish\AppData\Roaming\Python\Python312\site-packages\_pytest\runner.py", line 389, in collect
    return list(collector.collect())
  File "C:\Users\arish\AppData\Roaming\Python\Python312\site-packages\_pytest\python.py", line 549, in collect
    self._register_setup_module_fixture()
  File "C:\Users\arish\AppData\Roaming\Python\Python312\site-packages\_pytest\python.py", line 562, in _register_setup_module_fixture
    self.obj, ("setUpModule", "setup_module")
  File "C:\Users\arish\AppData\Roaming\Python\Python312\site-packages\_pytest\python.py", line 284, in obj
    self._obj = obj = self._getobj()
  File "C:\Users\arish\AppData\Roaming\Python\Python312\site-packages\_pytest\python.py", line 546, in _getobj
    return importtestmodule(self.path, self.config)
  File "C:\Users\arish\AppData\Roaming\Python\Python312\site-packages\_pytest\python.py", line 493, in importtestmodule
    mod = import_path(
  File "C:\Users\arish\AppData\Roaming\Python\Python312\site-packages\_pytest\pathlib.py", line 587, in import_path
    importlib.import_module(module_name)
  File "C:\Program Files\Python312\Lib\importlib\__init__.py", line 90, in import_module
    return _bootstrap._gcd_import(name[level:], package, level)
  File "C:\Users\arish\AppData\Roaming\Python\Python312\site-packages\_pytest\assertion\rewrite.py", line 184, in exec_module
    exec(co, module.__dict__)
  File "C:\Users\arish\Documents\Github\Programming-Challenges-5\tests\test_face_attendance.py", line 7, in <module>
    from ArtificialIntelligence.face_attendance import FaceAttendanceSystem
  File "C:\Users\arish\Documents\Github\Programming-Challenges-5\ArtificialIntelligence\face_attendance.py", line 19, in <module>
    import cv2
  File "C:\Users\arish\AppData\Roaming\Python\Python312\site-packages\cv2\__init__.py", line 181, in <module>
    bootstrap()
  File "C:\Users\arish\AppData\Roaming\Python\Python312\site-packages\cv2\__init__.py", line 153, in bootstrap
    native_module = importlib.import_module("cv2")
  File "C:\Program Files\Python312\Lib\importlib\__init__.py", line 90, in import_module
    return _bootstrap._gcd_import(name[level:], package, level)
AttributeError: _ARRAY_API not found
_____________ ERROR collecting tests/test_matrix_algorithm_lab.py _____________
ImportError while importing test module 'C:\Users\arish\Documents\Github\Programming-Challenges-5\tests\test_matrix_algorithm_lab.py'.
Hint: make sure your test modules/packages have valid Python names.
Traceback:
C:\Program Files\Python312\Lib\importlib\__init__.py:90: in import_module
    return _bootstrap._gcd_import(name[level:], package, level)
tests\test_matrix_algorithm_lab.py:10: in <module>
    from Algorithmic.MatrixAlgorithmLab import Matrix, benchmark_multiplication
E   ModuleNotFoundError: No module named 'Algorithmic.MatrixAlgorithmLab'
___________ ERROR collecting tests/test_media_library_organizer.py ____________
ImportError while importing test module 'C:\Users\arish\Documents\Github\Programming-Challenges-5\tests\test_media_library_organizer.py'.
Hint: make sure your test modules/packages have valid Python names.
Traceback:
C:\Program Files\Python312\Lib\importlib\__init__.py:90: in import_module
    return _bootstrap._gcd_import(name[level:], package, level)
tests\test_media_library_organizer.py:7: in <module>
    from Practical.MediaLibraryOrganizer.__main__ import clean_filename, organize_library
E   ModuleNotFoundError: No module named 'Practical.MediaLibraryOrganizer'
_________________ ERROR collecting tests/test_misra_gries.py __________________
ImportError while importing test module 'C:\Users\arish\Documents\Github\Programming-Challenges-5\tests\test_misra_gries.py'.
Hint: make sure your test modules/packages have valid Python names.
Traceback:
C:\Program Files\Python312\Lib\importlib\__init__.py:90: in import_module
    return _bootstrap._gcd_import(name[level:], package, level)
tests\test_misra_gries.py:8: in <module>
    from Algorithmic.TopKFrequentItems.misra_gries import (
E   ModuleNotFoundError: No module named 'Algorithmic.TopKFrequentItems.misra_gries'
______________ ERROR collecting tests/test_nn_visual_debugger.py ______________
ImportError while importing test module 'C:\Users\arish\Documents\Github\Programming-Challenges-5\tests\test_nn_visual_debugger.py'.
Hint: make sure your test modules/packages have valid Python names.
Traceback:
C:\Program Files\Python312\Lib\importlib\__init__.py:90: in import_module
    return _bootstrap._gcd_import(name[level:], package, level)
tests\test_nn_visual_debugger.py:5: in <module>
    from ArtificialIntelligence.nn_visual_debugger import TrainingConfig, run_debug_session
ArtificialIntelligence\nn_visual_debugger.py:16: in <module>
    from torchvision import datasets, transforms
E   ModuleNotFoundError: No module named 'torchvision'
------------------------------- Captured stderr -------------------------------
2025-12-12 10:42:06.402243: I tensorflow/core/util/port.cc:153] oneDNN custom operations are on. You may see slightly different numerical results due to floating-point round-off errors from different computation orders. To turn them off, set the environment variable `TF_ENABLE_ONEDNN_OPTS=0`.
2025-12-12 10:42:08.066910: I tensorflow/core/util/port.cc:153] oneDNN custom operations are on. You may see slightly different numerical results due to floating-point round-off errors from different computation orders. To turn them off, set the environment variable `TF_ENABLE_ONEDNN_OPTS=0`.

A module that was compiled using NumPy 1.x cannot be run in
NumPy 2.2.6 as it may crash. To support both 1.x and 2.x
versions of NumPy, modules must be compiled with NumPy 2.0.
Some module may need to rebuild instead e.g. with 'pybind11>=2.12'.

If you are a user of the module, the easiest solution will be to
downgrade to 'numpy<2' or try to upgrade the affected module.
We expect that some modules will need time to support NumPy 2.

Traceback (most recent call last):  File "<frozen runpy>", line 198, in _run_module_as_main
  File "<frozen runpy>", line 88, in _run_code
  File "C:\Users\arish\AppData\Roaming\Python\Python312\site-packages\pytest\__main__.py", line 9, in <module>
    raise SystemExit(pytest.console_main())
  File "C:\Users\arish\AppData\Roaming\Python\Python312\site-packages\_pytest\config\__init__.py", line 201, in console_main
    code = main()
  File "C:\Users\arish\AppData\Roaming\Python\Python312\site-packages\_pytest\config\__init__.py", line 175, in main
    ret: ExitCode | int = config.hook.pytest_cmdline_main(config=config)
  File "C:\Users\arish\AppData\Roaming\Python\Python312\site-packages\pluggy\_hooks.py", line 512, in __call__
    return self._hookexec(self.name, self._hookimpls.copy(), kwargs, firstresult)
  File "C:\Users\arish\AppData\Roaming\Python\Python312\site-packages\pluggy\_manager.py", line 120, in _hookexec
    return self._inner_hookexec(hook_name, methods, kwargs, firstresult)
  File "C:\Users\arish\AppData\Roaming\Python\Python312\site-packages\pluggy\_callers.py", line 121, in _multicall
    res = hook_impl.function(*args)
  File "C:\Users\arish\AppData\Roaming\Python\Python312\site-packages\_pytest\main.py", line 330, in pytest_cmdline_main
    return wrap_session(config, _main)
  File "C:\Users\arish\AppData\Roaming\Python\Python312\site-packages\_pytest\main.py", line 283, in wrap_session
    session.exitstatus = doit(config, session) or 0
  File "C:\Users\arish\AppData\Roaming\Python\Python312\site-packages\_pytest\main.py", line 336, in _main
    config.hook.pytest_collection(session=session)
  File "C:\Users\arish\AppData\Roaming\Python\Python312\site-packages\pluggy\_hooks.py", line 512, in __call__
    return self._hookexec(self.name, self._hookimpls.copy(), kwargs, firstresult)
  File "C:\Users\arish\AppData\Roaming\Python\Python312\site-packages\pluggy\_manager.py", line 120, in _hookexec
    return self._inner_hookexec(hook_name, methods, kwargs, firstresult)
  File "C:\Users\arish\AppData\Roaming\Python\Python312\site-packages\pluggy\_callers.py", line 121, in _multicall
    res = hook_impl.function(*args)
  File "C:\Users\arish\AppData\Roaming\Python\Python312\site-packages\_pytest\main.py", line 347, in pytest_collection
    session.perform_collect()
  File "C:\Users\arish\AppData\Roaming\Python\Python312\site-packages\_pytest\main.py", line 809, in perform_collect
    self.items.extend(self.genitems(node))
  File "C:\Users\arish\AppData\Roaming\Python\Python312\site-packages\_pytest\main.py", line 975, in genitems
    yield from self.genitems(subnode)
  File "C:\Users\arish\AppData\Roaming\Python\Python312\site-packages\_pytest\main.py", line 970, in genitems
    rep, duplicate = self._collect_one_node(node, handle_dupes)
  File "C:\Users\arish\AppData\Roaming\Python\Python312\site-packages\_pytest\main.py", line 835, in _collect_one_node
    rep = collect_one_node(node)
  File "C:\Users\arish\AppData\Roaming\Python\Python312\site-packages\_pytest\runner.py", line 567, in collect_one_node
    rep: CollectReport = ihook.pytest_make_collect_report(collector=collector)
  File "C:\Users\arish\AppData\Roaming\Python\Python312\site-packages\pluggy\_hooks.py", line 512, in __call__
    return self._hookexec(self.name, self._hookimpls.copy(), kwargs, firstresult)
  File "C:\Users\arish\AppData\Roaming\Python\Python312\site-packages\pluggy\_manager.py", line 120, in _hookexec
    return self._inner_hookexec(hook_name, methods, kwargs, firstresult)
  File "C:\Users\arish\AppData\Roaming\Python\Python312\site-packages\pluggy\_callers.py", line 121, in _multicall
    res = hook_impl.function(*args)
  File "C:\Users\arish\AppData\Roaming\Python\Python312\site-packages\_pytest\runner.py", line 391, in pytest_make_collect_report
    call = CallInfo.from_call(
  File "C:\Users\arish\AppData\Roaming\Python\Python312\site-packages\_pytest\runner.py", line 341, in from_call
    result: TResult | None = func()
  File "C:\Users\arish\AppData\Roaming\Python\Python312\site-packages\_pytest\runner.py", line 389, in collect
    return list(collector.collect())
  File "C:\Users\arish\AppData\Roaming\Python\Python312\site-packages\_pytest\python.py", line 549, in collect
    self._register_setup_module_fixture()
  File "C:\Users\arish\AppData\Roaming\Python\Python312\site-packages\_pytest\python.py", line 562, in _register_setup_module_fixture
    self.obj, ("setUpModule", "setup_module")
  File "C:\Users\arish\AppData\Roaming\Python\Python312\site-packages\_pytest\python.py", line 284, in obj
    self._obj = obj = self._getobj()
  File "C:\Users\arish\AppData\Roaming\Python\Python312\site-packages\_pytest\python.py", line 546, in _getobj
    return importtestmodule(self.path, self.config)
  File "C:\Users\arish\AppData\Roaming\Python\Python312\site-packages\_pytest\python.py", line 493, in importtestmodule
    mod = import_path(
  File "C:\Users\arish\AppData\Roaming\Python\Python312\site-packages\_pytest\pathlib.py", line 587, in import_path
    importlib.import_module(module_name)
  File "C:\Program Files\Python312\Lib\importlib\__init__.py", line 90, in import_module
    return _bootstrap._gcd_import(name[level:], package, level)
  File "C:\Users\arish\AppData\Roaming\Python\Python312\site-packages\_pytest\assertion\rewrite.py", line 184, in exec_module
    exec(co, module.__dict__)
  File "C:\Users\arish\Documents\Github\Programming-Challenges-5\tests\test_nn_visual_debugger.py", line 5, in <module>
    from ArtificialIntelligence.nn_visual_debugger import TrainingConfig, run_debug_session
  File "C:\Users\arish\Documents\Github\Programming-Challenges-5\ArtificialIntelligence\nn_visual_debugger.py", line 15, in <module>
    from torch.utils.tensorboard import SummaryWriter
  File "C:\Users\arish\AppData\Roaming\Python\Python312\site-packages\torch\utils\tensorboard\__init__.py", line 12, in <module>
    from .writer import FileWriter, SummaryWriter
  File "C:\Users\arish\AppData\Roaming\Python\Python312\site-packages\torch\utils\tensorboard\writer.py", line 19, in <module>
    from ._embedding import get_embedding_info, make_mat, make_sprite, make_tsv, write_pbtxt
  File "C:\Users\arish\AppData\Roaming\Python\Python312\site-packages\torch\utils\tensorboard\_embedding.py", line 10, in <module>
    _HAS_GFILE_JOIN = hasattr(tf.io.gfile, "join")
  File "C:\Users\arish\AppData\Roaming\Python\Python312\site-packages\tensorboard\lazy.py", line 65, in __getattr__
    return getattr(load_once(self), attr_name)
  File "C:\Users\arish\AppData\Roaming\Python\Python312\site-packages\tensorboard\lazy.py", line 97, in wrapper
    cache[arg] = f(arg)
  File "C:\Users\arish\AppData\Roaming\Python\Python312\site-packages\tensorboard\lazy.py", line 50, in load_once
    module = load_fn()
  File "C:\Users\arish\AppData\Roaming\Python\Python312\site-packages\tensorboard\compat\__init__.py", line 45, in tf
    import tensorflow
  File "C:\Users\arish\AppData\Roaming\Python\Python312\site-packages\tensorflow\__init__.py", line 468, in <module>
    importlib.import_module("keras.src.optimizers")
  File "C:\Program Files\Python312\Lib\importlib\__init__.py", line 90, in import_module
    return _bootstrap._gcd_import(name[level:], package, level)
  File "C:\Users\arish\AppData\Roaming\Python\Python312\site-packages\keras\__init__.py", line 7, in <module>
    from keras import _tf_keras as _tf_keras
  File "C:\Users\arish\AppData\Roaming\Python\Python312\site-packages\keras\_tf_keras\__init__.py", line 1, in <module>
    from keras._tf_keras import keras
  File "C:\Users\arish\AppData\Roaming\Python\Python312\site-packages\keras\_tf_keras\keras\__init__.py", line 7, in <module>
    from keras import activations as activations
  File "C:\Users\arish\AppData\Roaming\Python\Python312\site-packages\keras\activations\__init__.py", line 7, in <module>
    from keras.src.activations import deserialize as deserialize
  File "C:\Users\arish\AppData\Roaming\Python\Python312\site-packages\keras\src\__init__.py", line 13, in <module>
    from keras.src import visualization
  File "C:\Users\arish\AppData\Roaming\Python\Python312\site-packages\keras\src\visualization\__init__.py", line 1, in <module>
    from keras.src.visualization import draw_bounding_boxes
  File "C:\Users\arish\AppData\Roaming\Python\Python312\site-packages\keras\src\visualization\draw_bounding_boxes.py", line 11, in <module>
    import cv2
Traceback (most recent call last):
  File "C:\Users\arish\AppData\Roaming\Python\Python312\site-packages\tensorboard\compat\__init__.py", line 42, in tf
    from tensorboard.compat import notf  # noqa: F401
    ^^^^^^^^^^^^^^^^^^^^^^^^^^^^^^^^^^^
ImportError: cannot import name 'notf' from 'tensorboard.compat' (C:\Users\arish\AppData\Roaming\Python\Python312\site-packages\tensorboard\compat\__init__.py)

During handling of the above exception, another exception occurred:

AttributeError: _ARRAY_API not found
_________ ERROR collecting tests/test_password_data_breach_checker.py _________
ImportError while importing test module 'C:\Users\arish\Documents\Github\Programming-Challenges-5\tests\test_password_data_breach_checker.py'.
Hint: make sure your test modules/packages have valid Python names.
Traceback:
C:\Program Files\Python312\Lib\importlib\__init__.py:90: in import_module
    return _bootstrap._gcd_import(name[level:], package, level)
tests\test_password_data_breach_checker.py:4: in <module>
    from Practical.PasswordDataBreachChecker.__main__ import check_password
E   ModuleNotFoundError: No module named 'Practical.PasswordDataBreachChecker'
____________ ERROR collecting tests/test_personal_api_key_vault.py ____________
ImportError while importing test module 'C:\Users\arish\Documents\Github\Programming-Challenges-5\tests\test_personal_api_key_vault.py'.
Hint: make sure your test modules/packages have valid Python names.
Traceback:
C:\Program Files\Python312\Lib\importlib\__init__.py:90: in import_module
    return _bootstrap._gcd_import(name[level:], package, level)
tests\test_personal_api_key_vault.py:5: in <module>
    from Practical.PersonalAPIKeyVault.__main__ import main
E   ModuleNotFoundError: No module named 'Practical.PersonalAPIKeyVault'
____________ ERROR collecting tests/test_personal_time_tracker.py _____________
ImportError while importing test module 'C:\Users\arish\Documents\Github\Programming-Challenges-5\tests\test_personal_time_tracker.py'.
Hint: make sure your test modules/packages have valid Python names.
Traceback:
C:\Program Files\Python312\Lib\importlib\__init__.py:90: in import_module
    return _bootstrap._gcd_import(name[level:], package, level)
tests\test_personal_time_tracker.py:11: in <module>
    from Practical.PersonalTimeTracker.logic import TimeTracker
E   ModuleNotFoundError: No module named 'Practical.PersonalTimeTracker'
____________ ERROR collecting tests/test_randomized_structures.py _____________
ImportError while importing test module 'C:\Users\arish\Documents\Github\Programming-Challenges-5\tests\test_randomized_structures.py'.
Hint: make sure your test modules/packages have valid Python names.
Traceback:
C:\Program Files\Python312\Lib\importlib\__init__.py:90: in import_module
    return _bootstrap._gcd_import(name[level:], package, level)
tests\test_randomized_structures.py:10: in <module>
    from Algorithmic.RandomizedAlgorithmsSuite import (
E   ModuleNotFoundError: No module named 'Algorithmic.RandomizedAlgorithmsSuite'
____________ ERROR collecting tests/test_smart_expense_splitter.py ____________
ImportError while importing test module 'C:\Users\arish\Documents\Github\Programming-Challenges-5\tests\test_smart_expense_splitter.py'.
Hint: make sure your test modules/packages have valid Python names.
Traceback:
C:\Program Files\Python312\Lib\importlib\__init__.py:90: in import_module
    return _bootstrap._gcd_import(name[level:], package, level)
tests\test_smart_expense_splitter.py:3: in <module>
    from Practical.SmartExpenseSplitter.models import Expense, Participant
E   ModuleNotFoundError: No module named 'Practical.SmartExpenseSplitter'
____________ ERROR collecting tests/test_static_site_generator.py _____________
ImportError while importing test module 'C:\Users\arish\Documents\Github\Programming-Challenges-5\tests\test_static_site_generator.py'.
Hint: make sure your test modules/packages have valid Python names.
Traceback:
C:\Program Files\Python312\Lib\importlib\__init__.py:90: in import_module
    return _bootstrap._gcd_import(name[level:], package, level)
tests\test_static_site_generator.py:6: in <module>
    from Practical.StaticSiteGenerator.generator import SiteGenerator
E   ModuleNotFoundError: No module named 'Practical.StaticSiteGenerator'
________________ ERROR collecting tests/test_style_transfer.py ________________
ImportError while importing test module 'C:\Users\arish\Documents\Github\Programming-Challenges-5\tests\test_style_transfer.py'.
Hint: make sure your test modules/packages have valid Python names.
Traceback:
C:\Program Files\Python312\Lib\importlib\__init__.py:90: in import_module
    return _bootstrap._gcd_import(name[level:], package, level)
tests\test_style_transfer.py:5: in <module>
    from ArtificialIntelligence.style_transfer import (
ArtificialIntelligence\style_transfer.py:23: in <module>
    from torchvision import models, transforms
E   ModuleNotFoundError: No module named 'torchvision'
_____________ ERROR collecting tests/test_terminal_habit_coach.py _____________
ImportError while importing test module 'C:\Users\arish\Documents\Github\Programming-Challenges-5\tests\test_terminal_habit_coach.py'.
Hint: make sure your test modules/packages have valid Python names.
Traceback:
C:\Program Files\Python312\Lib\importlib\__init__.py:90: in import_module
    return _bootstrap._gcd_import(name[level:], package, level)
tests\test_terminal_habit_coach.py:6: in <module>
    from Practical.TerminalHabitCoach.database import HabitRepository
E   ModuleNotFoundError: No module named 'Practical.TerminalHabitCoach'
____________ ERROR collecting tests/test_universal_log_analyzer.py ____________
ImportError while importing test module 'C:\Users\arish\Documents\Github\Programming-Challenges-5\tests\test_universal_log_analyzer.py'.
Hint: make sure your test modules/packages have valid Python names.
Traceback:
C:\Program Files\Python312\Lib\importlib\__init__.py:90: in import_module
    return _bootstrap._gcd_import(name[level:], package, level)
tests\test_universal_log_analyzer.py:6: in <module>
    from Practical.UniversalLogAnalyzer.__main__ import analyze_logs, parse_log_line
E   ModuleNotFoundError: No module named 'Practical.UniversalLogAnalyzer'
=========================== short test summary info ===========================
ERROR tests/test_advanced_interval_scheduler.py
ERROR tests/test_approximate_string_matching.py
ERROR tests/test_auto_image_tagger.py
ERROR tests/test_autocomplete_engine.py
ERROR tests/test_bloom_filter.py
ERROR tests/test_consistent_hashing.py
ERROR tests/test_dotfiles_manager.py
ERROR tests/test_face_attendance.py
ERROR tests/test_matrix_algorithm_lab.py
ERROR tests/test_media_library_organizer.py
ERROR tests/test_misra_gries.py
ERROR tests/test_nn_visual_debugger.py
ERROR tests/test_password_data_breach_checker.py
ERROR tests/test_personal_api_key_vault.py
ERROR tests/test_personal_time_tracker.py
ERROR tests/test_randomized_structures.py
ERROR tests/test_smart_expense_splitter.py
ERROR tests/test_static_site_generator.py
ERROR tests/test_style_transfer.py
ERROR tests/test_terminal_habit_coach.py
ERROR tests/test_universal_log_analyzer.py
!!!!!!!!!!!!!!!!!! Interrupted: 21 errors during collection !!!!!!!!!!!!!!!!!!!
=================== 29 tests collected, 21 errors in 6.03s ====================
